manifest should match snapshot:
  1: |
    apiVersion: rbac.authorization.k8s.io/v1
    kind: ClusterRole
    metadata:
      labels: null
      name: steadybit-extension-istio
    rules:
      - apiGroups:
          - networking.istio.io
        resources:
          - virtualservices
        verbs:
          - get
          - list
          - watch
          - patch
          - update
