manifest should match snapshot:
  1: |
    apiVersion: rbac.authorization.k8s.io/v1
    kind: ClusterRoleBinding
    metadata:
      labels: null
      name: steadybit-extension-istio
    roleRef:
      apiGroup: rbac.authorization.k8s.io
      kind: ClusterRole
      name: steadybit-extension-istio
    subjects:
      - kind: ServiceAccount
        name: steadybit-extension-istio
        namespace: NAMESPACE
